2026-09-29T21:53:59Z INF Thank you for trying Cloudflare Tunnel. Doing so, without a Cloudflare account, is a quick way to experiment and try it out. However, be aware that these account-less Tunnels have no uptime guarantee, are subject to the Cloudflare Online Services Terms of Use (https://www.cloudflare.com/website-terms/), and Cloudflare reserves the right to investigate your use of Tunnels for violations of such terms. If you intend to use Tunnels in production you should use a pre-created named tunnel by following: https://developers.cloudflare.com/cloudflare-one/connections/connect-apps
2026-09-29T21:53:59Z INF Requesting new quick Tunnel on trycloudflare.com...
2026-09-29T21:54:03Z INF +--------------------------------------------------------------------------------------------+
2026-09-29T21:54:03Z INF |  Your quick Tunnel has been created! Visit it at (it may take some time to be reachable):  |
2026-09-29T21:54:03Z INF |  https://assignment-pda-outcome-satisfy.trycloudflare.com                                  |
2026-09-29T21:54:03Z INF +--------------------------------------------------------------------------------------------+
2026-09-29T21:54:03Z INF Cannot determine default configuration path. No file [config.yml config.yaml] in [~/.cloudflared ~/.cloudflare-warp ~/cloudflare-warp /etc/cloudflared /usr/local/etc/cloudflared]
2026-09-29T21:54:03Z INF Version 2026.9.3 (Checksum 645f08651331aff4716ab46dbc945e1560107a28c66ee7f71f62b8c65a08aa34)
2026-09-29T21:54:03Z INF GOOS: android, GOVersion: go1.27.1, GoArch: arm64
2026-09-29T21:54:03Z INF Settings: map[ha-connections:1 no-autoupdate:true p:http2 protocol:http2 url:http://127.0.0.1:8800]
2026-09-29T21:54:03Z INF Generated Connector ID: c05e4e91-891d-4ecd-9a90-c864975b0e37
2026-09-29T21:54:03Z INF Initial protocol http2
2026-09-29T21:54:03Z INF ICMP proxy will use 10.0.0.208 as source for IPv4
2026-09-29T21:54:03Z INF ICMP proxy will use 2601:205:4b03:5ff0:1d3:17f0:2eaf:17ea in zone wlan0 as source for IPv6
2026-09-29T21:54:03Z WRN The user running cloudflared process has a GID (group ID) that is not within ping_group_range. You might need to add that user to a group within that range, or instead update the range to encompass a group the user is already in by modifying /proc/sys/net/ipv4/ping_group_range. Otherwise cloudflared will not be able to ping this network error="open /proc/sys/net/ipv4/ping_group_range: permission denied"
2026-09-29T21:54:03Z INF ICMP proxy will use 10.0.0.208 as source for IPv4
2026-09-29T21:54:03Z INF ICMP proxy will use 2601:205:4b03:5ff0:1d3:17f0:2eaf:17ea in zone wlan0 as source for IPv6
2026-09-29T21:54:03Z INF Starting metrics server on 127.0.0.1:20241/metrics
2026-09-29T21:54:03Z INF Tunnel connection curve preferences: [X25519MLKEM768 CurveID(65074) CurveP256] connIndex=0 event=0 ip=2606:4700:a8::6
2026-09-29T21:54:03Z INF +--------------------------------------------------------------------------------------+
2026-09-29T21:54:03Z INF |                               CONNECTIVITY PRE-CHECKS                                |
2026-09-29T21:54:03Z INF +--------------------------------------------------------------------------------------+
2026-09-29T21:54:03Z INF |  COMPONENT         TARGET                     STATUS  DETAILS                        |
2026-09-29T21:54:03Z INF |  DNS Resolution    region1.v2.argotunnel.com  PASS    DNS Resolved successfully      |
2026-09-29T21:54:03Z INF |  DNS Resolution    region2.v2.argotunnel.com  PASS    DNS Resolved successfully      |
2026-09-29T21:54:03Z INF |  UDP Connectivity  region1.v2.argotunnel.com  PASS    QUIC connection successful     |
2026-09-29T21:54:03Z INF |  UDP Connectivity  region2.v2.argotunnel.com  PASS    QUIC connection successful     |
2026-09-29T21:54:03Z INF |  TCP Connectivity  region1.v2.argotunnel.com  PASS    HTTP/2 connection successful   |
2026-09-29T21:54:03Z INF |  TCP Connectivity  region2.v2.argotunnel.com  PASS    HTTP/2 connection successful   |
2026-09-29T21:54:03Z INF |  Cloudflare API    api.cloudflare.com:443     PASS    API is reachable               |
2026-09-29T21:54:03Z INF |                                                                                      |
2026-09-29T21:54:03Z INF |  SUMMARY: Environment is healthy. cloudflared will use 'http2' as primary protocol.  |
2026-09-29T21:54:03Z INF +--------------------------------------------------------------------------------------+
2026-09-29T21:54:03Z INF precheck component="DNS Resolution" details="DNS Resolved successfully" run_id=0a137666-3918-49a4-8e46-dfec0386fc20 status=pass target=region1.v2.argotunnel.com
2026-09-29T21:54:03Z INF precheck component="DNS Resolution" details="DNS Resolved successfully" run_id=0a137666-3918-49a4-8e46-dfec0386fc20 status=pass target=region2.v2.argotunnel.com
2026-09-29T21:54:03Z INF precheck component="UDP Connectivity" details="QUIC connection successful" run_id=0a137666-3918-49a4-8e46-dfec0386fc20 status=pass target=region1.v2.argotunnel.com
2026-09-29T21:54:03Z INF precheck component="UDP Connectivity" details="QUIC connection successful" run_id=0a137666-3918-49a4-8e46-dfec0386fc20 status=pass target=region2.v2.argotunnel.com
2026-09-29T21:54:03Z INF precheck component="TCP Connectivity" details="HTTP/2 connection successful" run_id=0a137666-3918-49a4-8e46-dfec0386fc20 status=pass target=region1.v2.argotunnel.com
2026-09-29T21:54:03Z INF precheck component="TCP Connectivity" details="HTTP/2 connection successful" run_id=0a137666-3918-49a4-8e46-dfec0386fc20 status=pass target=region2.v2.argotunnel.com
2026-09-29T21:54:03Z INF precheck component="Cloudflare API" details="API is reachable" run_id=0a137666-3918-49a4-8e46-dfec0386fc20 status=pass target=api.cloudflare.com:443
2026-09-29T21:54:03Z INF precheck complete hard_fail=false run_id=0a137666-3918-49a4-8e46-dfec0386fc20 suggested_protocol=http2
2026-09-29T21:54:03Z INF Registered tunnel connection connIndex=0 connection=cd302281-2b72-4468-a936-14e1694be1b2 event=0 ip=2606:4700:a8::6 location=sjc07 protocol=http2
