
▶ task: REFACTOR RESUME. You are mid-task on splitting deepagent.py + agent.py into a package called recapitulation.

ABSOLUTE PATHS — every write_file MUST start with this prefix:
  /data/data/com.termux/files/home/.deepcli/worktrees/refactor-split-agent-deepagent/

STATE:
  source (fresh, current): worktree/deepcli/deepagent.py  (just refreshed from live, ~1400 lines)
  source (fresh, current): worktree/deepcli/agent.py      (just refreshed from live)
  target package:          worktree/deepcli/recapitulation/

DONE (present, do NOT overwrite):
  recapitulation/__init__.py    (301 B)
  recapitulation/runtime.py     (4602 B)  — paths, allowlists, _safe, _is_protected, _notify
  recapitulation/retry.py       (2313 B)  — _retry_plan, _record_retry, _learned_offset
  recapitulation/lint.py        (3990 B)  — _ruff_check, _ruff_autofix, _log_autofix
  recapitulation/edit.py        (9736 B)  — gh_put, gh_get_file, gh_edit_file, gh_worktree, b64_decode

STILL TO WRITE (each <= 400 lines):
  1. recapitulation/tools.py      — TOOLS, DISPATCH, REQUIRED, execute, _log_tool_error,
                                     _feedback_call, _auto_feedback, _AUTO_FEEDBACK_CAT,
                                     _CURRENT_SESSION_CTX, _validate_finish_summary,
                                     _FINISH_PLACEHOLDERS, _maybe_continue, _MAYBE_CONTINUE_MAX
  2. recapitulation/loop.py       — _chat_once, loop, __main__ block
  3. recapitulation/http_loop.py  — the HTTP-hop loop body from agent.py
  4. REWRITE worktree/deepcli/deepagent.py as a THIN SHIM:
       from recapitulation.tools import TOOLS, DISPATCH, REQUIRED, execute   # noqa: F401
       from recapitulation.loop import loop, _maybe_continue                # noqa: F401
       if __name__ == "__main__": loop.__wrapped__()  # or a tiny main() that calls loop(...)
     Shim must be < 40 lines.
  5. REWRITE worktree/deepcli/agent.py as a THIN SHIM importing recapitulation.http_loop.
     Shim must be < 40 lines.

HARD RULES:
  - every write_file target path MUST contain "/worktrees/refactor-split-agent-deepagent/"
  - NEVER write to /data/data/com.termux/files/home/deepcli/tasks/
  - NEVER write to /data/data/com.termux/files/home/deepcli/ (live, protected)
  - MOVE symbols, do not duplicate
  - if a needed symbol lives in a recapitulation submodule, import it; do not re-copy code

WHEN ALL 5 ARE DONE — run these in order:
  run: cd /data/data/com.termux/files/home/.deepcli/worktrees/refactor-split-agent-deepagent
  run: python3 -m py_compile deepcli/deepagent.py deepcli/agent.py deepcli/recapitulation/*.py
  run: git add -A
  gh_worktree action=commit_push_pr branch=refactor/split-agent-deepagent base=master message="refactor(deepcli): split agent core into recapitulation package" title="refactor(deepcli): extract agent.py + deepagent.py into recapitulation/" body="Splits the two monolithic loops into a package. Shims at original paths preserve all imports. Verified with py_compile. See tasks/modularize-core.md." draft=true

FINISH with a summary that includes the PR URL. Real JSON. Minimum fields:
  pkg, files_added, shims, loc_max, branch, pr

Do NOT call finish() until gh_worktree commit_push_pr returns a PR URL.

  [session] resuming 906b30a4-ec8…  runs=2
── step 1/<dynamic> ──
  (assistant): I'll start by surveying the current state of the worktree to understand what I'm working with.
  ▶ list_dir({"path": "/data/data/com.termux/files/home/.deepcli/worktrees/refactor-split-agent-deepagent/deepcli<parameter>\n<invoke)
    ← {"error": "not a dir"}
  ▶ list_dir({"path": "/data/data/com.termux/files/home/.deepcli/worktrees/refactor-split-agent-deepagent/deepcli/recapitulation<para)
    ← {"error": "not a dir"}
── step 2/<dynamic> ──
  (assistant): I see the tool calls were malformed. Let me retry with proper JSON formatting.
  ▶ list_dir({"path": "/data/data/com.termux/files/home/.deepcli/worktrees/refactor-split-agent-deepagent/deepcli"})
    ← {"path": "/data/data/com.termux/files/home/.deepcli/worktrees/refactor-split-agent-deepagent/deepcli", "entries": [{"name": "README.md", "type": "file", "size": 644}, {"name": "__init__.py", "type": "file", "size": 90}, {"name": "_v1_agent.py", "type": "file", "size": 9056}, {"name": "_v1_files.py",
  ▶ list_dir({"path": "/data/data/com.termux/files/home/.deepcli/worktrees/refactor-split-agent-deepagent/deepcli/recapitulation"})
    ← {"path": "/data/data/com.termux/files/home/.deepcli/worktrees/refactor-split-agent-deepagent/deepcli/recapitulation", "entries": [{"name": "__init__.py", "type": "file", "size": 301}, {"name": "__pycache__", "type": "dir", "size": 4096}, {"name": "edit.py", "type": "file", "size": 9736}, {"name": "l
── step 3/<dynamic> ──
  (assistant): Interesting — there's already a `loop.py` (10000 B) and `tools.py` (28533 B), plus `__init__.py`. But tools.py is 28533 B which likely exceeds 400 lines. Also http_loop.py is missing. Let me inspect w
  ▶ read_file({"path": "/data/data/com.termux/files/home/.deepcli/worktrees/refactor-split-agent-deepagent/deepcli/recapitulation/__in)
    ← {"path": "/data/data/com.termux/files/home/.deepcli/worktrees/refactor-split-agent-deepagent/deepcli/recapitulation/__init__.py", "content": "\"\"\"recapitulation \u2014 split agent core (loops, tools, edit, lint, retry, runtime).\n\nDerived from GRIMOIRE_DICTIONARY.md Orchestra tier: `l00p` -> `Tim
── step 4/<dynamic> ──
  (assistant): The __init__.py is there. Now let me read the remaining files to understand what's already done and what needs to be written. The read_file calls for tools.py, loop.py, agent.py got cut off. Let me re
  ▶ read_file({"path": "/data/data/com.termux/files/home/.deepcli/worktrees/refactor-split-agent-deepagent/deepcli/recapitulation/tool)
    ← {"path": "/data/data/com.termux/files/home/.deepcli/worktrees/refactor-split-agent-deepagent/deepcli/recapitulation/tools.py", "content": "\"\"\"tools.py \u2014 TOOLS spec, DISPATCH, REQUIRED, execute, feedback, finish-validation.\n\nExtracted from deepagent.py. Imports moved symbols from sibling su
  ▶ read_file({"path": "/data/data/com.termux/files/home/.deepcli/worktrees/refactor-split-agent-deepagent/deepcli/recapitulation/loop)
    ← {"path": "/data/data/com.termux/files/home/.deepcli/worktrees/refactor-split-agent-deepagent/deepcli/recapitulation/loop.py", "content": "\"\"\"loop.py \u2014 direct loop: _chat_once + loop + __main__.\n\nExtracted from deepagent.py. Uses the direct deepcli.core client (no HTTP hop).\n\"\"\"\n\nimpo
  ▶ read_file({"path": "/data/data/com.termux/files/home/.deepcli/worktrees/refactor-split-agent-deepagent/deepcli/agent.py"})
    ← {"path": "/data/data/com.termux/files/home/.deepcli/worktrees/refactor-split-agent-deepagent/deepcli/agent.py", "content": "#!/usr/bin/env python3\n\"\"\"agent.py \u2014 YOLO loop with gh, run, file ops, and skill access.\"\"\"\nimport json, os, sys, time, urllib.request\n\nHUB = os.environ.get(\"DS
  ▶ read_file({"path": "/data/data/com.termux/files/home/.deepcli/worktrees/refactor-split-agent-deepagent/deepcli/deepagent.py", "max)
    ← {"path": "/data/data/com.termux/files/home/.deepcli/worktrees/refactor-split-agent-deepagent/deepcli/deepagent.py", "content": "#!/usr/bin/env python3\n\"\"\"deepagent.py \u2014 agent loop with DIRECT imports, no HTTP hop.\n\nSame tool semantics as agent.py, but:\n- imports deepcli.core, gh_broker, 
── step 5/<dynamic> ──
    [retry burst #0 wait=0.3s] rate-limit text
  (assistant): Now I have the full picture. The situation:

1. `tools.py` exists but is **28533 B** — way over the 400-line limit, and it contains `TOOLS`, `DISPATCH`, `REQUIRED`, `execute`, `_feedback_call`, `_auto
  ▶ read_file({"path": "/data/data/com.termux/files/home/.deepcli/worktrees/refactor-split-agent-deepagent/deepcli/recapitulation/runt)
    ← {"path": "/data/data/com.termux/files/home/.deepcli/worktrees/refactor-split-agent-deepagent/deepcli/recapitulation/runtime.py", "content": "\"\"\"runtime \u2014 home paths, allowlists, protection, notifications, snapshots.\"\"\"\n\nimport os\nimport sys\nfrom pathlib import Path\n\nHOME = Path.home
  ▶ read_file({"path": "/data/data/com.termux/files/home/.deepcli/worktrees/refactor-split-agent-deepagent/deepcli/recapitulation/edit)
    ← {"path": "/data/data/com.termux/files/home/.deepcli/worktrees/refactor-split-agent-deepagent/deepcli/recapitulation/edit.py", "content": "\"\"\"edit \u2014 gh_put / gh_get_file / gh_edit_file / gh_worktree / b64_decode.\"\"\"\n\nfrom .runtime import (\n    WORKTREE_ROOT,\n    _wt_git,\n    _wt_safe,
  ▶ read_file({"path": "/data/data/com.termux/files/home/.deepcli/worktrees/refactor-split-agent-deepagent/deepcli/recapitulation/retr)
    ← {"path": "/data/data/com.termux/files/home/.deepcli/worktrees/refactor-split-agent-deepagent/deepcli/recapitulation/retry.py", "content": "\"\"\"retry \u2014 burst \u2192 \u00b130s rest \u2192 repeat, with learning from history.\"\"\"\n\nfrom .runtime import HOME  # noqa: F401\n\n# \u2500\u2500\u250
  ▶ read_file({"path": "/data/data/com.termux/files/home/.deepcli/worktrees/refactor-split-agent-deepagent/deepcli/recapitulation/lint)
    ← {"path": "/data/data/com.termux/files/home/.deepcli/worktrees/refactor-split-agent-deepagent/deepcli/recapitulation/lint.py", "content": "\"\"\"lint \u2014 syntax + ruff static checks, safe autofix, autofix metrics log.\"\"\"\n\nimport os\nfrom .runtime import HOME  # noqa: F401\n\n\ndef _ruff_check
── step 6/<dynamic> ──
    [continue #1] server says nothing to continue
  (assistant): Now I have complete visibility. Here's my analysis:

**Problems with existing state:**
1. `tools.py` (28533 B) is way over 400 lines. It duplicates the file-op implementations (`_run_call`, `_read`, `
  ▶ write_file({"path": "/data/data/com.termux/files/home/.deepcli/worktrees/refactor-split-agent-deepagent/deepcli/recapitulation/tool)
    ← {"path": "/data/data/com.termux/files/home/.deepcli/worktrees/refactor-split-agent-deepagent/deepcli/recapitulation/tools.py", "bytes": 23497}
── step 7/<dynamic> ──

✔ done (no tool calls — treating as implicit finish)


  [session] saved 906b30a4-ec8… for key=3c3546b64c03653b
