Fatal Python error: Aborted

Current thread 0x00000075fed4e4f8 (most recent call first):
  Garbage-collecting
  File "<frozen importlib._bootstrap_external>", line 511 in _compile_bytecode
  File "<frozen importlib._bootstrap_external>", line 888 in get_code
  File "<frozen importlib._bootstrap_external>", line 755 in exec_module
  File "<frozen importlib._bootstrap>", line 938 in _load_unlocked
  File "<frozen importlib._bootstrap>", line 1342 in _find_and_load_unlocked
  File "<frozen importlib._bootstrap>", line 1371 in _find_and_load
  File "/data/data/com.termux/files/usr/lib/python3.14/site-packages/pydantic/v1/networks.py", line 32 in <module>
  File "<frozen importlib._bootstrap>", line 491 in _call_with_frames_removed
  File "<frozen importlib._bootstrap_external>", line 759 in exec_module
  File "<frozen importlib._bootstrap>", line 938 in _load_unlocked
  File "<frozen importlib._bootstrap>", line 1342 in _find_and_load_unlocked
  File "<frozen importlib._bootstrap>", line 1371 in _find_and_load
  File "/data/data/com.termux/files/usr/lib/python3.14/site-packages/pydantic/v1/json.py", line 13 in <module>
  File "<frozen importlib._bootstrap>", line 491 in _call_with_frames_removed
  File "<frozen importlib._bootstrap_external>", line 759 in exec_module
  File "<frozen importlib._bootstrap>", line 938 in _load_unlocked
  File "<frozen importlib._bootstrap>", line 1342 in _find_and_load_unlocked
  File "<frozen importlib._bootstrap>", line 1371 in _find_and_load
  File "/data/data/com.termux/files/usr/lib/python3.14/site-packages/pydantic/v1/error_wrappers.py", line 4 in <module>
  File "<frozen importlib._bootstrap>", line 491 in _call_with_frames_removed
  File "<frozen importlib._bootstrap_external>", line 759 in exec_module
  File "<frozen importlib._bootstrap>", line 938 in _load_unlocked
  File "<frozen importlib._bootstrap>", line 1342 in _find_and_load_unlocked
  File "<frozen importlib._bootstrap>", line 1371 in _find_and_load
  File "/data/data/com.termux/files/usr/lib/python3.14/site-packages/pydantic/v1/dataclasses.py", line 52 in <module>
  File "<frozen importlib._bootstrap>", line 491 in _call_with_frames_removed
  File "<frozen importlib._bootstrap_external>", line 759 in exec_module
  File "<frozen importlib._bootstrap>", line 938 in _load_unlocked
  File "<frozen importlib._bootstrap>", line 1342 in _find_and_load_unlocked
  File "<frozen importlib._bootstrap>", line 1371 in _find_and_load
  File "<frozen importlib._bootstrap>", line 491 in _call_with_frames_removed
  File "<frozen importlib._bootstrap>", line 1434 in _handle_fromlist
  File "/data/data/com.termux/files/usr/lib/python3.14/site-packages/pydantic/v1/__init__.py", line 2 in <module>
  File "<frozen importlib._bootstrap>", line 491 in _call_with_frames_removed
  File "<frozen importlib._bootstrap_external>", line 759 in exec_module
  File "<frozen importlib._bootstrap>", line 938 in _load_unlocked
  File "<frozen importlib._bootstrap>", line 1342 in _find_and_load_unlocked
  File "<frozen importlib._bootstrap>", line 1371 in _find_and_load
  File "<frozen importlib._bootstrap>", line 491 in _call_with_frames_removed
  File "<frozen importlib._bootstrap>", line 1434 in _handle_fromlist
  File "/data/data/com.termux/files/usr/lib/python3.14/site-packages/fastapi/_compat/shared.py", line 204 in is_pydantic_v1_model_class
  File "/data/data/com.termux/files/usr/lib/python3.14/site-packages/fastapi/_compat/shared.py", line 211 in annotation_is_pydantic_v1
  File "/data/data/com.termux/files/usr/lib/python3.14/site-packages/fastapi/utils.py", line 66 in create_model_field
  File "/data/data/com.termux/files/usr/lib/python3.14/site-packages/fastapi/dependencies/utils.py", line 529 in analyze_param
  File "/data/data/com.termux/files/usr/lib/python3.14/site-packages/fastapi/dependencies/utils.py", line 296 in get_dependant
  File "/data/data/com.termux/files/usr/lib/python3.14/site-packages/fastapi/routing.py", line 861 in _build_dependant_with_parameterless_dependencies
  File "/data/data/com.termux/files/usr/lib/python3.14/site-packages/fastapi/routing.py", line 1061 in _populate_api_route_state
  File "/data/data/com.termux/files/usr/lib/python3.14/site-packages/fastapi/routing.py", line 1193 in __init__
  File "/data/data/com.termux/files/usr/lib/python3.14/site-packages/fastapi/routing.py", line 2939 in add_api_route
  File "/data/data/com.termux/files/usr/lib/python3.14/site-packages/fastapi/routing.py", line 3004 in decorator
  File "/data/data/com.termux/files/home/deepcli/server.py", line 127 in <module>

Current thread's C stack trace (most recent call first):
  <cannot get C stack on this system>

Extension modules: _cffi_backend (total: 1)
